// Jest Snapshot v1, https://goo.gl/fbAQLP

exports[`SearchBar should match the snapshot 1`] = `
<div
  className="SearchBar"
>
  <form
    className="search-form"
    onSubmit={[Function]}
  >
    <input
      className="search-input"
      onChange={[Function]}
      placeholder="search for an amiibo..."
    />
    <Link
      className="submit-button"
      onClick={[Function]}
      replace={false}
      to="/search/:name"
      type="submit"
    />
  </form>
</div>
`;
