// Jest Snapshot v1, https://goo.gl/fbAQLP

exports[`Menu should match the snapshot 1`] = `
<div
  className="Menu"
>
  <NavLink
    activeClassName="active"
    activeStyle={
      Object {
        "color": "#a6a6eb",
      }
    }
    aria-current="page"
    className="nav-button home-button"
    exact={true}
    to="/"
  >
    home
  </NavLink>
  <NavLink
    activeClassName="active"
    activeStyle={
      Object {
        "color": "#a6a6eb",
      }
    }
    aria-current="page"
    className="nav-button wishlist-button"
    to="/wishlist"
  >
    wishlist
  </NavLink>
  <NavLink
    activeClassName="active"
    activeStyle={
      Object {
        "color": "#a6a6eb",
      }
    }
    aria-current="page"
    className="nav-button collection-button"
    to="/collected"
  >
    collected
  </NavLink>
</div>
`;
