// Jest Snapshot v1, https://goo.gl/fbAQLP

exports[`Header should match the snapshot 1`] = `
<div
  className="Header"
>
  <img
    alt="Star"
    className="star star-left"
    src="star2.png"
  />
  <Link
    className="title"
    replace={false}
    to="/"
  >
    miibah
  </Link>
  <img
    alt="Star"
    className="star star-right"
    src="star2.png"
  />
</div>
`;
