// Jest Snapshot v1, https://goo.gl/fbAQLP

exports[`App should match the snapshot 1`] = `
<div
  className="App"
>
  <Header />
  <div
    className="inner-app"
  >
    <Menu />
    <withRouter(Connect(SearchBar)) />
    <Switch>
      <Route
        path="/amiibo/:name"
        render={[Function]}
      />
      <Route
        path="/wishlist/:name"
        render={[Function]}
      />
      <Route
        path="/collected/:name"
        render={[Function]}
      />
      <Route
        path="/search/:name"
        render={[Function]}
      />
      <Route
        component={[Function]}
        path="/wishlist"
      />
      <Route
        component={[Function]}
        path="/collected"
      />
      <Route
        component={[Function]}
        exact={true}
        path="/"
      />
      <Route
        component={[Function]}
      />
    </Switch>
  </div>
</div>
`;
