// Jest Snapshot v1, https://goo.gl/fbAQLP

exports[`Menu should match the snapshot 1`] = `
<div
  className="Menu"
>
  <NavLink
    activeClassName="active"
    aria-current="page"
    className="nav-button home-button"
    to="/"
  >
    home
  </NavLink>
  <NavLink
    activeClassName="active"
    aria-current="page"
    className="nav-button wishlist-button"
    to="/wishlist"
  >
    wishlist
  </NavLink>
  <NavLink
    activeClassName="active"
    aria-current="page"
    className="nav-button collection-button"
    to="/collected"
  >
    collected
  </NavLink>
</div>
`;
